2026-08-10 15:06:35,240 [INFO] [SKIP] Not a KNBS website source (Source=KeNADA): ISIOLO SMART SURVEY 2024
2026-08-10 15:06:35,240 [INFO] [SKIP] Not a KNBS website source (Source=KeNADA): TANA RIVER SMART SURVEY 2024
2026-08-10 15:06:35,240 [INFO] [SKIP] Not a KNBS website source (Source=KeNADA): 2023/24 Kenya Housing Survey
2026-08-10 15:06:35,240 [INFO] [SKIP] Not a KNBS website source (Source=KeNADA): FINACCESS MSE TRACK SURVEY MARCH 2023
2026-08-10 15:06:35,240 [INFO] [SKIP] Not a KNBS website source (Source=KeNADA): FINACCESS MSE TRACK SURVEY WAVE II AUGUST 2023
2026-08-10 15:06:35,240 [INFO] [SKIP] Not a KNBS website source (Source=KeNADA): GARISSA SMART SURVEY 2023
2026-08-10 15:06:35,240 [INFO] [SKIP] Not a KNBS website source (Source=KeNADA): ISIOLO SMART SURVEY 2023
2026-08-10 15:06:35,240 [INFO] [SKIP] Not a KNBS website source (Source=KeNADA): KILIFI SMART SURVEY 2023
2026-08-10 15:06:35,240 [INFO] [SKIP] Not a KNBS website source (Source=KeNADA): KITUI SMART SURVEY 2023
2026-08-10 15:06:35,240 [INFO] [SKIP] Not a KNBS website source (Source=KeNADA): MAKUENI SMART SURVEY 2023
2026-08-10 15:06:35,241 [INFO] [SKIP] Not a KNBS website source (Source=KeNADA): MANDERA SMART SURVEY 2023
2026-08-10 15:06:35,241 [INFO] [SKIP] Not a KNBS website source (Source=KeNADA): MARSABIT SMART SURVEY 2023
2026-08-10 15:06:35,241 [INFO] [SKIP] Not a KNBS website source (Source=KeNADA): SAMBURU SMART SURVEY 2023
2026-08-10 15:06:35,241 [INFO] [SKIP] Not a KNBS website source (Source=KeNADA): TANA RIVER SMART SURVEY 2023
2026-08-10 15:06:35,241 [INFO] [SKIP] Not a KNBS website source (Source=KeNADA): TURKANA SMART SURVEY 2023
2026-08-10 15:06:35,241 [INFO] [SKIP] Not a KNBS website source (Source=KeNADA): TURKANA SMART SURVEY JANUARY 2023
2026-08-10 15:06:35,241 [INFO] [SKIP] Not a KNBS website source (Source=KeNADA): TURKANA SMART SURVEY JUNE 2023
2026-08-10 15:06:35,241 [INFO] [SKIP] Not a KNBS website source (Source=KeNADA): WAJIR SMART SURVEY 2023
2026-08-10 15:06:35,241 [INFO] [SKIP] Not a KNBS website source (Source=KeNADA): GARISSA SMART SURVEY 2022
2026-08-10 15:06:35,241 [INFO] [SKIP] Not a KNBS website source (Source=KeNADA): ISIOLO SMART SURVEY 2022
2026-08-10 15:06:35,241 [INFO] [SKIP] Not a KNBS website source (Source=KeNADA): KWALE SMART SURVEY 2022
2026-08-10 15:06:35,241 [INFO] [SKIP] Not a KNBS website source (Source=KeNADA): Kenya Continuous Household Survey Prorgramme 2022
2026-08-10 15:06:35,241 [INFO] [SKIP] Not a KNBS website source (Source=KeNADA): Kenya Demographic and Health Survey 2022
2026-08-10 15:06:35,241 [INFO] [SKIP] Not a KNBS website source (Source=KeNADA): MARSABIT SMART SURVEY 2022
2026-08-10 15:06:35,241 [INFO] [SKIP] Not a KNBS website source (Source=KeNADA): SAMBURU SMART SURVEY 2022
2026-08-10 15:06:35,241 [INFO] [SKIP] Not a KNBS website source (Source=KeNADA): WAJIR SMART SURVEY 2022
2026-08-10 15:06:35,241 [INFO] [SKIP] Not a KNBS website source (Source=KeNADA): WEST POKOT SMART SURVEY 2022
2026-08-10 15:06:35,241 [INFO] [SKIP] Not a KNBS website source (Source=KeNADA): 2021 FINACCESS HOUSEHOLD SURVEY
2026-08-10 15:06:35,242 [INFO] [SKIP] Not a KNBS website source (Source=KeNADA): 2021 Kenya Time Use Survey
2026-08-10 15:06:35,242 [INFO] [SKIP] Not a KNBS website source (Source=KeNADA): BARINGO SMART SURVEY 2021
2026-08-10 15:06:35,242 [INFO] [SKIP] Not a KNBS website source (Source=KeNADA): GARISSA SMART SURVEY 2021
2026-08-10 15:06:35,242 [INFO] [SKIP] Not a KNBS website source (Source=KeNADA): Kenya Continuous Household Survey (KCHS) - 2021
2026-08-10 15:06:35,242 [INFO] [SKIP] Not a KNBS website source (Source=KeNADA): MANDERA SMART SURVEY 2021
2026-08-10 15:06:35,242 [INFO] [SKIP] Not a KNBS website source (Source=KeNADA): WAJIR SMART SURVEY 2021
2026-08-10 15:06:35,242 [INFO] [SKIP] Not a KNBS website source (Source=KeNADA): WEST POKOT SMART SURVEY 2021
2026-08-10 15:06:35,242 [INFO] [SKIP] Not a KNBS website source (Source=KeNADA): ISIOLO SMART SURVEY 2020
2026-08-10 15:06:35,242 [INFO] [SKIP] Not a KNBS website source (Source=KeNADA): KENYA MALARIA INDICATOR SURVEY 2020
2026-08-10 15:06:35,242 [INFO] [SKIP] Not a KNBS website source (Source=KeNADA): Kenya Continuous Household Survey (KCHS) - 2020
2026-08-10 15:06:35,242 [INFO] [SKIP] Not a KNBS website source (Source=KeNADA): Kenya Continuous Household Survey Programme (KCHSP) - 2020 Annual
2026-08-10 15:06:35,242 [INFO] [SKIP] Not a KNBS website source (Source=KeNADA): Kenya Continuous Household Survey Programme (KCHSP) - 2020 Quarters 1 and 2
2026-08-10 15:06:35,242 [INFO] [SKIP] Not a KNBS website source (Source=KeNADA): NAIROBI SMART SURVEY 2020
2026-08-10 15:06:35,242 [INFO] [SKIP] Not a KNBS website source (Source=KeNADA): TANA RIVER SMART SURVEY 2020
2026-08-10 15:06:35,242 [INFO] [SKIP] Not a KNBS website source (Source=KeNADA): 2019 FINACCESS SURVEY
2026-08-10 15:06:35,242 [INFO] [SKIP] Not a KNBS website source (Source=KeNADA): KENYA POPULATION BASED HIV IMPACT ASSESMENT (KENPHIA) 2019
2026-08-10 15:06:35,243 [INFO] [SKIP] Not a KNBS website source (Source=KeNADA): Kenya Population and Housing Census 2019
2026-08-10 15:06:35,243 [INFO] [SKIP] Not a KNBS website source (Source=KeNADA): MARSABIT SMART SURVEY 2019
2026-08-10 15:06:35,243 [INFO] [SKIP] Not a KNBS website source (Source=KeNADA): Smart Survey Garissa_2019
2026-08-10 15:06:35,243 [INFO] [SKIP] Not a KNBS website source (Source=KeNADA): Smart Survey Isiolo_2019
2026-08-10 15:06:35,243 [INFO] [SKIP] Not a KNBS website source (Source=KeNADA): Smart Survey Manderat_2019
2026-08-10 15:06:35,243 [INFO] [SKIP] Not a KNBS website source (Source=KeNADA): TANA RIVER SMART SURVEY 2019
2026-08-10 15:06:35,243 [INFO] [SKIP] Not a KNBS website source (Source=KeNADA): CENSUS OF INDUSTRIAL PRODUCTION AND CONSTRUCTION REPORT 2018
2026-08-10 15:06:35,243 [INFO] [SKIP] Not a KNBS website source (Source=KeNADA): ISIOLO SMART SURVEY 2018
2026-08-10 15:06:35,243 [INFO] [SKIP] Not a KNBS website source (Source=KeNADA): KENYA HOUSEHOLD AND HEALTH EXPENDITURE AND UTILIZATION SURVEY (KHHEUS) 2018
2026-08-10 15:06:35,243 [INFO] [SKIP] Not a KNBS website source (Source=KeNADA): SAMBURU SMART SURVEY 2018
2026-08-10 15:06:35,243 [INFO] [SKIP] Not a KNBS website source (Source=KeNADA): WAJIR SMART SURVEY 2018
2026-08-10 15:06:35,243 [INFO] [SKIP] Not a KNBS website source (Source=KeNADA): WAJIR SMART SURVEY 2018 NORTH
2026-08-10 15:06:35,243 [INFO] [SKIP] Not a KNBS website source (Source=KeNADA): WAJIR SMART SURVEY AGRO 2018
2026-08-10 15:06:35,243 [INFO] [SKIP] Not a KNBS website source (Source=KeNADA): TANA RIVER SMART SURVEY 2017
2026-08-10 15:06:35,243 [INFO] [SKIP] Not a KNBS website source (Source=KeNADA): INTEGRATED SMART SURVEY BUSIA 2016
2026-08-10 15:06:35,243 [INFO] [SKIP] Not a KNBS website source (Source=KeNADA): ISIOLO SAMART SURVEY 2016
2026-08-10 15:06:35,244 [INFO] [SKIP] Not a KNBS website source (Source=KeNADA): Small and Medium Enterprises (MSME) Survey 2016
2026-08-10 15:06:35,244 [INFO] [SKIP] Not a KNBS website source (Source=KeNADA): Kenya - TURKANA SMART NUTRITION SURVEY 2015
2026-08-10 15:06:35,244 [INFO] [SKIP] Not a KNBS website source (Source=KeNADA): Kenya Integrated Household Budget Survey 2015-2016
2026-08-10 15:06:35,244 [INFO] [SKIP] Not a KNBS website source (Source=KeNADA): Kenya Malaria Indicator Survey 2015
2026-08-10 15:06:35,244 [INFO] [SKIP] Not a KNBS website source (Source=KeNADA): Kenya Stepwise Survey for Non Communicable Diseases Risk Factors 2015
2026-08-10 15:06:35,244 [INFO] [SKIP] Not a KNBS website source (Source=KeNADA): TURKANA SMART SURVEY 2015
2026-08-10 15:06:35,244 [INFO] [SKIP] Not a KNBS website source (Source=KeNADA): WEST POKOT SMART SURVEY 2015
2026-08-10 15:06:35,244 [INFO] [SKIP] Not a KNBS website source (Source=KeNADA): African Peer Review Mechanism (APRM) 2014
2026-08-10 15:06:35,244 [INFO] [SKIP] Not a KNBS website source (Source=KeNADA): Global Adult Tobacco Survey 2014, First Round
2026-08-10 15:06:35,244 [INFO] [SKIP] Not a KNBS website source (Source=KeNADA): Kenya Demographic and Health Survey 2014
2026-08-10 15:06:35,244 [INFO] [SKIP] Not a KNBS website source (Source=KeNADA): Kenya Urban Reproductive Health Initiative, 2014
2026-08-10 15:06:35,244 [INFO] [SKIP] Not a KNBS website source (Source=KeNADA): 2013 FINACCESS NATIONAL SURVEY
2026-08-10 15:06:35,244 [INFO] [SKIP] Not a KNBS website source (Source=KeNADA): 2013 FINACCESS NATIONAL SURVEY
2026-08-10 15:06:35,244 [INFO] [SKIP] Not a KNBS website source (Source=KeNADA): Foreign Investment Survey 2013
2026-08-10 15:06:35,244 [INFO] [SKIP] Not a KNBS website source (Source=KeNADA): Kenya Household Health Expenditure and Utilisation Survey (KHHEUS), 2013
2026-08-10 15:06:35,244 [INFO] [SKIP] Not a KNBS website source (Source=KeNADA): Multiple Indicator Cluster Survey Fifth Round(Western and North Rift Survey)
2026-08-10 15:06:35,245 [INFO] [SKIP] Not a KNBS website source (Source=KeNADA): Survey of Industrial Production
2026-08-10 15:06:35,245 [INFO] [SKIP] Not a KNBS website source (Source=KeNADA): 2012/13 National Housing Survey
2026-08-10 15:06:35,245 [INFO] [SKIP] Not a KNBS website source (Source=KeNADA): Informal Cross Border Trade 2012, Second round
2026-08-10 15:06:35,245 [INFO] [SKIP] Not a KNBS website source (Source=KeNADA): Kenya Aids Indicator Survey 2012, KAIS 2012
2026-08-10 15:06:35,245 [INFO] [SKIP] Not a KNBS website source (Source=KeNADA): Kenya Innovation Survey, 2012, First round
2026-08-10 15:06:35,245 [INFO] [SKIP] Not a KNBS website source (Source=KeNADA): Kenya Urban Reproductive Health Initiative, 2012
2026-08-10 15:06:35,245 [INFO] [SKIP] Not a KNBS website source (Source=KeNADA): Global Financial Inclusion (Global Findex) Database 2011
2026-08-10 15:06:35,245 [INFO] [SKIP] Not a KNBS website source (Source=KeNADA): Informal Cross Boarder Trade 2011
2026-08-10 15:06:35,245 [INFO] [SKIP] Not a KNBS website source (Source=KeNADA): Intergrated Survey of Service 2011, First round
2026-08-10 15:06:35,245 [INFO] [SKIP] Not a KNBS website source (Source=KeNADA): Kenya National Micronutrient Survey 2011, First Round
2026-08-10 15:06:35,245 [INFO] [SKIP] Not a KNBS website source (Source=KeNADA): Multiple Indicator Cluster Survey Nyanza region 2011
2026-08-10 15:06:35,245 [INFO] [SKIP] Not a KNBS website source (Source=KeNADA): Assessing the Educational Impact of Malaria Prevention in Kenyan Schools: Baseline Surveys 2010
2026-08-10 15:06:35,245 [INFO] [SKIP] Not a KNBS website source (Source=KeNADA): Census of Industrial Production 2010, Third round
2026-08-10 15:06:35,245 [INFO] [SKIP] Not a KNBS website source (Source=KeNADA): Central Kenya Dry Area Smallholder and Community Services Development Project (CKDAP) - 2010
2026-08-10 15:06:35,245 [INFO] [SKIP] Not a KNBS website source (Source=KeNADA): Foreign Investment Survey 2010
2026-08-10 15:06:35,245 [INFO] [SKIP] Not a KNBS website source (Source=KeNADA): Future of African Remittances: National Surveys 2010
2026-08-10 15:06:35,246 [INFO] [SKIP] Not a KNBS website source (Source=KeNADA): Kenya Child Labor Baseline Survey
2026-08-10 15:06:35,246 [INFO] [SKIP] Not a KNBS website source (Source=KeNADA): Kenya Malaria Indicator Survey 2010
2026-08-10 15:06:35,246 [INFO] [SKIP] Not a KNBS website source (Source=KeNADA): Kenya Survey of Villas, Cottages, Campsites and Apartments 2010, First round
2026-08-10 15:06:35,246 [INFO] [SKIP] Not a KNBS website source (Source=KeNADA): Kenya Urban Reproductive Health Initiative, 2010
2026-08-10 15:06:35,246 [INFO] [SKIP] Not a KNBS website source (Source=KeNADA): National Information and Communication Technology Survey 2010
2026-08-10 15:06:35,246 [INFO] [SKIP] Not a KNBS website source (Source=KeNADA): 2009 FINACCESS SURVEY
2026-08-10 15:06:35,246 [INFO] [SKIP] Not a KNBS website source (Source=KeNADA): 2009 Kenya Population and Housing Census, Population and Housing Census
2026-08-10 15:06:35,246 [INFO] [SKIP] Not a KNBS website source (Source=KeNADA): Migration Household Survey 2009
2026-08-10 15:06:35,246 [INFO] [SKIP] Not a KNBS website source (Source=KeNADA): Kenya Demographic and Health Survey 2008-09
2026-08-10 15:06:35,246 [INFO] [SKIP] Not a KNBS website source (Source=KeNADA): Multiple Indicator Cluster Survey North Eastern Province 2008
2026-08-10 15:06:35,246 [INFO] [SKIP] Not a KNBS website source (Source=KeNADA): Enterprise Survey 2007
2026-08-10 15:06:35,246 [INFO] [SKIP] Not a KNBS website source (Source=KeNADA): Kenya Aids Indicator Survey 2007
2026-08-10 15:06:35,246 [INFO] [SKIP] Not a KNBS website source (Source=KeNADA): Kenya Multiple Indicator Cluster Survey, Eastern (MICS) 2007
2026-08-10 15:06:35,246 [INFO] [SKIP] Not a KNBS website source (Source=KeNADA): Kenya National Health Account 2007
2026-08-10 15:06:35,246 [INFO] [SKIP] Not a KNBS website source (Source=KeNADA): Kenya National Survey for Persons with Disabilities 2007
2026-08-10 15:06:35,246 [INFO] [SKIP] Not a KNBS website source (Source=KeNADA): 2006 FINACCESS SURVEY
2026-08-10 15:06:35,246 [INFO] [SKIP] Not a KNBS website source (Source=KeNADA): 2006 Kenya National Adults Literacy Survey
2026-08-10 15:06:35,247 [INFO] [SKIP] Not a KNBS website source (Source=KeNADA): Greater Eldoret Health and Development Survey (Round 3) 2006
2026-08-10 15:06:35,247 [INFO] [SKIP] Not a KNBS website source (Source=KeNADA): Greater Eldoret Health and Development Survey (Round 2) 2005
2026-08-10 15:06:35,247 [INFO] [SKIP] Not a KNBS website source (Source=KeNADA): Kenya Integrated Household Budget Survey 2005-2006
2026-08-10 15:06:35,247 [INFO] [SKIP] Not a KNBS website source (Source=KeNADA): Greater Eldoret Health and Development Survey (Round 1) 2004
2026-08-10 15:06:35,247 [INFO] [SKIP] Not a KNBS website source (Source=KeNADA): Investment Climate Survey 2003
2026-08-10 15:06:35,247 [INFO] [SKIP] Not a KNBS website source (Source=KeNADA): Kenya Demographic and Health Survey 2003
2026-08-10 15:06:35,247 [INFO] [SKIP] Not a KNBS website source (Source=KeNADA): World Health Survey 2003
2026-08-10 15:06:35,247 [INFO] [SKIP] Not a KNBS website source (Source=KeNADA): Kenya Multiple Indicator Cluster Survey (MICS) 2000
2026-08-10 15:06:35,247 [INFO] [SKIP] Not a KNBS website source (Source=KeNADA): KENYA POPULATION AND HOUSING CENSUS 1999
2026-08-10 15:06:35,247 [INFO] [SKIP] Not a KNBS website source (Source=KeNADA): Micro and Small Enterprises (MSE) 1999
2026-08-10 15:06:35,247 [INFO] [SKIP] Not a KNBS website source (Source=KeNADA): Kenya Demographic and Health Survey 1998
2026-08-10 15:06:35,247 [INFO] [SKIP] Not a KNBS website source (Source=KeNADA): The Integrated Labour Force Survey, 1998/99, Second round
2026-08-10 15:06:35,247 [INFO] [SKIP] Not a KNBS website source (Source=KeNADA): Welfare Monitary Survey 3, 1997, Third Round
2026-08-10 15:06:35,247 [INFO] [SKIP] Not a KNBS website source (Source=KeNADA): Welfare Monitary Survey 2, 1994, Second Round
2026-08-10 15:06:35,247 [INFO] [SKIP] Not a KNBS website source (Source=KeNADA): Kenya Demographic and Health Survey 1993
2026-08-10 15:06:35,247 [INFO] [SKIP] Not a KNBS website source (Source=KeNADA): Welfare Monitoring Survey 1, 1992, First Round
2026-08-10 15:06:35,247 [INFO] [SKIP] Not a KNBS website source (Source=KeNADA): Kenya Demographic and Health Survey 1989
2026-08-10 15:06:35,248 [INFO] [SKIP] Not a KNBS website source (Source=KeNADA): Kenya Population and Housing Census 1989
2026-08-10 15:06:35,248 [INFO] [SKIP] Not a KNBS website source (Source=KeNADA): Kenya Population and Housing Census 1979
2026-08-10 15:06:35,248 [INFO] [SKIP] Not a KNBS website source (Source=KeNADA): Kenya Population and Housing Census, 1969
2026-08-10 15:06:35,248 [INFO] [DOWNLOAD] Downloading: 2026 Economic Survey...
2026-08-10 15:07:18,837 [ERROR] [ERROR] Failed to download https://www.knbs.or.ke/wp-content/uploads/2026/04/2026-Economic-Survey.pdf: HTTPSConnectionPool(host='www.knbs.or.ke', port=443): Read timed out.
2026-08-10 15:07:18,838 [INFO] [FALLBACK] Resolved link failed to download; searching knbs.or.ke for "2026 Economic Survey"...
2026-08-10 15:07:21,073 [ERROR] [ERROR] Failed to process 2026 Economic Survey: Download failed for https://www.knbs.or.ke/wp-content/uploads/2026/04/2026-Economic-Survey.pdf
2026-08-10 15:07:21,074 [INFO] [DOWNLOAD] Downloading: 2026 ILFS Questionnaire...
2026-08-10 15:07:22,970 [INFO] [PARSE] Processing PDF: 2026_ILFS_Questionnaire_2026.pdf (98 pages)...
2026-08-10 15:07:24,292 [INFO] [EXTRACT] No explicit Table of Contents found; relying on body scan.
2026-08-10 15:07:30,635 [INFO] [SUCCESS] Finished 2026 ILFS Questionnaire — Total Indicators: 0
2026-08-10 15:07:30,636 [INFO] [DOWNLOAD] Downloading: 2026 INTEGRATED SURVEY OF SERVICES (ISS) AND TRANSPORTATION AND STORAGE SURVEY (TSS) QUESTIONNAIRE...
2026-08-10 15:07:34,622 [INFO] [PARSE] Processing PDF: 2026_INTEGRATED_SURVEY_OF_SERVICES_ISS_AND_TRANSPORTATION_AND_STORAGE_SURVEY_TSS_QUESTIONNAIRE_2026.pdf (41 pages)...
2026-08-10 15:07:35,744 [INFO] [EXTRACT] No explicit Table of Contents found; relying on body scan.
2026-08-10 15:07:37,006 [INFO] [SUCCESS] Finished 2026 INTEGRATED SURVEY OF SERVICES (ISS) AND TRANSPORTATION AND STORAGE SURVEY (TSS) QUESTIONNAIRE — Total Indicators: 0
2026-08-10 15:07:37,006 [INFO] [DOWNLOAD] Downloading: Construction Input Price Indices for First Quarter 2026...
2026-08-10 15:07:38,210 [INFO] [PARSE] Processing PDF: Construction_Input_Price_Indices_for_First_Quarter_2026_2026.pdf (7 pages)...
2026-08-10 15:07:38,786 [INFO] [EXTRACT] No explicit Table of Contents found; relying on body scan.
2026-08-10 15:07:38,787 [INFO] [SUCCESS] Finished Construction Input Price Indices for First Quarter 2026 — Total Indicators: 4
2026-08-10 15:07:38,787 [INFO] [DOWNLOAD] Downloading: Construction Input Price Indices for second Quarter-2026...
2026-08-10 15:07:39,927 [INFO] [PARSE] Processing PDF: Construction_Input_Price_Indices_for_second_Quarter-2026_2026.pdf (7 pages)...
2026-08-10 15:07:40,408 [INFO] [EXTRACT] No explicit Table of Contents found; relying on body scan.
2026-08-10 15:07:40,409 [INFO] [SUCCESS] Finished Construction Input Price Indices for second Quarter-2026 — Total Indicators: 4
2026-08-10 15:07:40,409 [INFO] [DOWNLOAD] Downloading: Consumer Price Indices and Inflation Rates – April 2026...
2026-08-10 15:07:42,017 [INFO] [PARSE] Processing PDF: Consumer_Price_Indices_and_Inflation_Rates_April_2026_2026.pdf (13 pages)...
2026-08-10 15:07:43,224 [INFO] [EXTRACT] Found TOC / Extracted 5 table indicators...
2026-08-10 15:07:43,225 [INFO] [SUCCESS] Finished Consumer Price Indices and Inflation Rates – April 2026 — Total Indicators: 5
2026-08-10 15:07:43,331 [INFO] [SUCCESS] Wrote 13 rows to indicator_inventory.csv and indicator_inventory.xlsx
2026-08-10 15:10:02,910 [INFO] [SKIP] Not a KNBS website source (Source=KeNADA): ISIOLO SMART SURVEY 2024
2026-08-10 15:10:02,910 [INFO] [SKIP] Not a KNBS website source (Source=KeNADA): TANA RIVER SMART SURVEY 2024
2026-08-10 15:10:02,910 [INFO] [SKIP] Not a KNBS website source (Source=KeNADA): 2023/24 Kenya Housing Survey
2026-08-10 15:10:02,910 [INFO] [SKIP] Not a KNBS website source (Source=KeNADA): FINACCESS MSE TRACK SURVEY MARCH 2023
2026-08-10 15:10:02,910 [INFO] [SKIP] Not a KNBS website source (Source=KeNADA): FINACCESS MSE TRACK SURVEY WAVE II AUGUST 2023
2026-08-10 15:10:02,910 [INFO] [SKIP] Not a KNBS website source (Source=KeNADA): GARISSA SMART SURVEY 2023
2026-08-10 15:10:02,910 [INFO] [SKIP] Not a KNBS website source (Source=KeNADA): ISIOLO SMART SURVEY 2023
2026-08-10 15:10:02,910 [INFO] [SKIP] Not a KNBS website source (Source=KeNADA): KILIFI SMART SURVEY 2023
2026-08-10 15:10:02,910 [INFO] [SKIP] Not a KNBS website source (Source=KeNADA): KITUI SMART SURVEY 2023
2026-08-10 15:10:02,911 [INFO] [SKIP] Not a KNBS website source (Source=KeNADA): MAKUENI SMART SURVEY 2023
2026-08-10 15:10:02,911 [INFO] [SKIP] Not a KNBS website source (Source=KeNADA): MANDERA SMART SURVEY 2023
2026-08-10 15:10:02,911 [INFO] [SKIP] Not a KNBS website source (Source=KeNADA): MARSABIT SMART SURVEY 2023
2026-08-10 15:10:02,911 [INFO] [SKIP] Not a KNBS website source (Source=KeNADA): SAMBURU SMART SURVEY 2023
2026-08-10 15:10:02,911 [INFO] [SKIP] Not a KNBS website source (Source=KeNADA): TANA RIVER SMART SURVEY 2023
2026-08-10 15:10:02,911 [INFO] [SKIP] Not a KNBS website source (Source=KeNADA): TURKANA SMART SURVEY 2023
2026-08-10 15:10:02,911 [INFO] [SKIP] Not a KNBS website source (Source=KeNADA): TURKANA SMART SURVEY JANUARY 2023
2026-08-10 15:10:02,911 [INFO] [SKIP] Not a KNBS website source (Source=KeNADA): TURKANA SMART SURVEY JUNE 2023
2026-08-10 15:10:02,911 [INFO] [SKIP] Not a KNBS website source (Source=KeNADA): WAJIR SMART SURVEY 2023
2026-08-10 15:10:02,911 [INFO] [SKIP] Not a KNBS website source (Source=KeNADA): GARISSA SMART SURVEY 2022
2026-08-10 15:10:02,911 [INFO] [SKIP] Not a KNBS website source (Source=KeNADA): ISIOLO SMART SURVEY 2022
2026-08-10 15:10:02,911 [INFO] [SKIP] Not a KNBS website source (Source=KeNADA): KWALE SMART SURVEY 2022
2026-08-10 15:10:02,911 [INFO] [SKIP] Not a KNBS website source (Source=KeNADA): Kenya Continuous Household Survey Prorgramme 2022
2026-08-10 15:10:02,912 [INFO] [SKIP] Not a KNBS website source (Source=KeNADA): Kenya Demographic and Health Survey 2022
2026-08-10 15:10:02,912 [INFO] [SKIP] Not a KNBS website source (Source=KeNADA): MARSABIT SMART SURVEY 2022
2026-08-10 15:10:02,912 [INFO] [SKIP] Not a KNBS website source (Source=KeNADA): SAMBURU SMART SURVEY 2022
2026-08-10 15:10:02,912 [INFO] [SKIP] Not a KNBS website source (Source=KeNADA): WAJIR SMART SURVEY 2022
2026-08-10 15:10:02,912 [INFO] [SKIP] Not a KNBS website source (Source=KeNADA): WEST POKOT SMART SURVEY 2022
2026-08-10 15:10:02,912 [INFO] [SKIP] Not a KNBS website source (Source=KeNADA): 2021 FINACCESS HOUSEHOLD SURVEY
2026-08-10 15:10:02,912 [INFO] [SKIP] Not a KNBS website source (Source=KeNADA): 2021 Kenya Time Use Survey
2026-08-10 15:10:02,912 [INFO] [SKIP] Not a KNBS website source (Source=KeNADA): BARINGO SMART SURVEY 2021
2026-08-10 15:10:02,912 [INFO] [SKIP] Not a KNBS website source (Source=KeNADA): GARISSA SMART SURVEY 2021
2026-08-10 15:10:02,912 [INFO] [SKIP] Not a KNBS website source (Source=KeNADA): Kenya Continuous Household Survey (KCHS) - 2021
2026-08-10 15:10:02,912 [INFO] [SKIP] Not a KNBS website source (Source=KeNADA): MANDERA SMART SURVEY 2021
2026-08-10 15:10:02,912 [INFO] [SKIP] Not a KNBS website source (Source=KeNADA): WAJIR SMART SURVEY 2021
2026-08-10 15:10:02,912 [INFO] [SKIP] Not a KNBS website source (Source=KeNADA): WEST POKOT SMART SURVEY 2021
2026-08-10 15:10:02,912 [INFO] [SKIP] Not a KNBS website source (Source=KeNADA): ISIOLO SMART SURVEY 2020
2026-08-10 15:10:02,912 [INFO] [SKIP] Not a KNBS website source (Source=KeNADA): KENYA MALARIA INDICATOR SURVEY 2020
2026-08-10 15:10:02,912 [INFO] [SKIP] Not a KNBS website source (Source=KeNADA): Kenya Continuous Household Survey (KCHS) - 2020
2026-08-10 15:10:02,912 [INFO] [SKIP] Not a KNBS website source (Source=KeNADA): Kenya Continuous Household Survey Programme (KCHSP) - 2020 Annual
2026-08-10 15:10:02,913 [INFO] [SKIP] Not a KNBS website source (Source=KeNADA): Kenya Continuous Household Survey Programme (KCHSP) - 2020 Quarters 1 and 2
2026-08-10 15:10:02,913 [INFO] [SKIP] Not a KNBS website source (Source=KeNADA): NAIROBI SMART SURVEY 2020
2026-08-10 15:10:02,913 [INFO] [SKIP] Not a KNBS website source (Source=KeNADA): TANA RIVER SMART SURVEY 2020
2026-08-10 15:10:02,913 [INFO] [SKIP] Not a KNBS website source (Source=KeNADA): 2019 FINACCESS SURVEY
2026-08-10 15:10:02,913 [INFO] [SKIP] Not a KNBS website source (Source=KeNADA): KENYA POPULATION BASED HIV IMPACT ASSESMENT (KENPHIA) 2019
2026-08-10 15:10:02,913 [INFO] [SKIP] Not a KNBS website source (Source=KeNADA): Kenya Population and Housing Census 2019
2026-08-10 15:10:02,913 [INFO] [SKIP] Not a KNBS website source (Source=KeNADA): MARSABIT SMART SURVEY 2019
2026-08-10 15:10:02,913 [INFO] [SKIP] Not a KNBS website source (Source=KeNADA): Smart Survey Garissa_2019
2026-08-10 15:10:02,913 [INFO] [SKIP] Not a KNBS website source (Source=KeNADA): Smart Survey Isiolo_2019
2026-08-10 15:10:02,913 [INFO] [SKIP] Not a KNBS website source (Source=KeNADA): Smart Survey Manderat_2019
2026-08-10 15:10:02,913 [INFO] [SKIP] Not a KNBS website source (Source=KeNADA): TANA RIVER SMART SURVEY 2019
2026-08-10 15:10:02,913 [INFO] [SKIP] Not a KNBS website source (Source=KeNADA): CENSUS OF INDUSTRIAL PRODUCTION AND CONSTRUCTION REPORT 2018
2026-08-10 15:10:02,913 [INFO] [SKIP] Not a KNBS website source (Source=KeNADA): ISIOLO SMART SURVEY 2018
2026-08-10 15:10:02,913 [INFO] [SKIP] Not a KNBS website source (Source=KeNADA): KENYA HOUSEHOLD AND HEALTH EXPENDITURE AND UTILIZATION SURVEY (KHHEUS) 2018
2026-08-10 15:10:02,913 [INFO] [SKIP] Not a KNBS website source (Source=KeNADA): SAMBURU SMART SURVEY 2018
2026-08-10 15:10:02,913 [INFO] [SKIP] Not a KNBS website source (Source=KeNADA): WAJIR SMART SURVEY 2018
2026-08-10 15:10:02,913 [INFO] [SKIP] Not a KNBS website source (Source=KeNADA): WAJIR SMART SURVEY 2018 NORTH
2026-08-10 15:10:02,913 [INFO] [SKIP] Not a KNBS website source (Source=KeNADA): WAJIR SMART SURVEY AGRO 2018
2026-08-10 15:10:02,914 [INFO] [SKIP] Not a KNBS website source (Source=KeNADA): TANA RIVER SMART SURVEY 2017
2026-08-10 15:10:02,914 [INFO] [SKIP] Not a KNBS website source (Source=KeNADA): INTEGRATED SMART SURVEY BUSIA 2016
2026-08-10 15:10:02,914 [INFO] [SKIP] Not a KNBS website source (Source=KeNADA): ISIOLO SAMART SURVEY 2016
2026-08-10 15:10:02,914 [INFO] [SKIP] Not a KNBS website source (Source=KeNADA): Small and Medium Enterprises (MSME) Survey 2016
2026-08-10 15:10:02,914 [INFO] [SKIP] Not a KNBS website source (Source=KeNADA): Kenya - TURKANA SMART NUTRITION SURVEY 2015
2026-08-10 15:10:02,914 [INFO] [SKIP] Not a KNBS website source (Source=KeNADA): Kenya Integrated Household Budget Survey 2015-2016
2026-08-10 15:10:02,914 [INFO] [SKIP] Not a KNBS website source (Source=KeNADA): Kenya Malaria Indicator Survey 2015
2026-08-10 15:10:02,914 [INFO] [SKIP] Not a KNBS website source (Source=KeNADA): Kenya Stepwise Survey for Non Communicable Diseases Risk Factors 2015
2026-08-10 15:10:02,914 [INFO] [SKIP] Not a KNBS website source (Source=KeNADA): TURKANA SMART SURVEY 2015
2026-08-10 15:10:02,914 [INFO] [SKIP] Not a KNBS website source (Source=KeNADA): WEST POKOT SMART SURVEY 2015
2026-08-10 15:10:02,914 [INFO] [SKIP] Not a KNBS website source (Source=KeNADA): African Peer Review Mechanism (APRM) 2014
2026-08-10 15:10:02,914 [INFO] [SKIP] Not a KNBS website source (Source=KeNADA): Global Adult Tobacco Survey 2014, First Round
2026-08-10 15:10:02,914 [INFO] [SKIP] Not a KNBS website source (Source=KeNADA): Kenya Demographic and Health Survey 2014
2026-08-10 15:10:02,914 [INFO] [SKIP] Not a KNBS website source (Source=KeNADA): Kenya Urban Reproductive Health Initiative, 2014
2026-08-10 15:10:02,914 [INFO] [SKIP] Not a KNBS website source (Source=KeNADA): 2013 FINACCESS NATIONAL SURVEY
2026-08-10 15:10:02,914 [INFO] [SKIP] Not a KNBS website source (Source=KeNADA): 2013 FINACCESS NATIONAL SURVEY
2026-08-10 15:10:02,914 [INFO] [SKIP] Not a KNBS website source (Source=KeNADA): Foreign Investment Survey 2013
2026-08-10 15:10:02,914 [INFO] [SKIP] Not a KNBS website source (Source=KeNADA): Kenya Household Health Expenditure and Utilisation Survey (KHHEUS), 2013
2026-08-10 15:10:02,914 [INFO] [SKIP] Not a KNBS website source (Source=KeNADA): Multiple Indicator Cluster Survey Fifth Round(Western and North Rift Survey)
2026-08-10 15:10:02,915 [INFO] [SKIP] Not a KNBS website source (Source=KeNADA): Survey of Industrial Production
2026-08-10 15:10:02,915 [INFO] [SKIP] Not a KNBS website source (Source=KeNADA): 2012/13 National Housing Survey
2026-08-10 15:10:02,915 [INFO] [SKIP] Not a KNBS website source (Source=KeNADA): Informal Cross Border Trade 2012, Second round
2026-08-10 15:10:02,915 [INFO] [SKIP] Not a KNBS website source (Source=KeNADA): Kenya Aids Indicator Survey 2012, KAIS 2012
2026-08-10 15:10:02,915 [INFO] [SKIP] Not a KNBS website source (Source=KeNADA): Kenya Innovation Survey, 2012, First round
2026-08-10 15:10:02,915 [INFO] [SKIP] Not a KNBS website source (Source=KeNADA): Kenya Urban Reproductive Health Initiative, 2012
2026-08-10 15:10:02,915 [INFO] [SKIP] Not a KNBS website source (Source=KeNADA): Global Financial Inclusion (Global Findex) Database 2011
2026-08-10 15:10:02,915 [INFO] [SKIP] Not a KNBS website source (Source=KeNADA): Informal Cross Boarder Trade 2011
2026-08-10 15:10:02,915 [INFO] [SKIP] Not a KNBS website source (Source=KeNADA): Intergrated Survey of Service 2011, First round
2026-08-10 15:10:02,915 [INFO] [SKIP] Not a KNBS website source (Source=KeNADA): Kenya National Micronutrient Survey 2011, First Round
2026-08-10 15:10:02,915 [INFO] [SKIP] Not a KNBS website source (Source=KeNADA): Multiple Indicator Cluster Survey Nyanza region 2011
2026-08-10 15:10:02,915 [INFO] [SKIP] Not a KNBS website source (Source=KeNADA): Assessing the Educational Impact of Malaria Prevention in Kenyan Schools: Baseline Surveys 2010
2026-08-10 15:10:02,915 [INFO] [SKIP] Not a KNBS website source (Source=KeNADA): Census of Industrial Production 2010, Third round
2026-08-10 15:10:02,915 [INFO] [SKIP] Not a KNBS website source (Source=KeNADA): Central Kenya Dry Area Smallholder and Community Services Development Project (CKDAP) - 2010
2026-08-10 15:10:02,915 [INFO] [SKIP] Not a KNBS website source (Source=KeNADA): Foreign Investment Survey 2010
2026-08-10 15:10:02,915 [INFO] [SKIP] Not a KNBS website source (Source=KeNADA): Future of African Remittances: National Surveys 2010
2026-08-10 15:10:02,915 [INFO] [SKIP] Not a KNBS website source (Source=KeNADA): Kenya Child Labor Baseline Survey
2026-08-10 15:10:02,915 [INFO] [SKIP] Not a KNBS website source (Source=KeNADA): Kenya Malaria Indicator Survey 2010
2026-08-10 15:10:02,916 [INFO] [SKIP] Not a KNBS website source (Source=KeNADA): Kenya Survey of Villas, Cottages, Campsites and Apartments 2010, First round
2026-08-10 15:10:02,916 [INFO] [SKIP] Not a KNBS website source (Source=KeNADA): Kenya Urban Reproductive Health Initiative, 2010
2026-08-10 15:10:02,916 [INFO] [SKIP] Not a KNBS website source (Source=KeNADA): National Information and Communication Technology Survey 2010
2026-08-10 15:10:02,916 [INFO] [SKIP] Not a KNBS website source (Source=KeNADA): 2009 FINACCESS SURVEY
2026-08-10 15:10:02,916 [INFO] [SKIP] Not a KNBS website source (Source=KeNADA): 2009 Kenya Population and Housing Census, Population and Housing Census
2026-08-10 15:10:02,916 [INFO] [SKIP] Not a KNBS website source (Source=KeNADA): Migration Household Survey 2009
2026-08-10 15:10:02,916 [INFO] [SKIP] Not a KNBS website source (Source=KeNADA): Kenya Demographic and Health Survey 2008-09
2026-08-10 15:10:02,916 [INFO] [SKIP] Not a KNBS website source (Source=KeNADA): Multiple Indicator Cluster Survey North Eastern Province 2008
2026-08-10 15:10:02,916 [INFO] [SKIP] Not a KNBS website source (Source=KeNADA): Enterprise Survey 2007
2026-08-10 15:10:02,916 [INFO] [SKIP] Not a KNBS website source (Source=KeNADA): Kenya Aids Indicator Survey 2007
2026-08-10 15:10:02,916 [INFO] [SKIP] Not a KNBS website source (Source=KeNADA): Kenya Multiple Indicator Cluster Survey, Eastern (MICS) 2007
2026-08-10 15:10:02,916 [INFO] [SKIP] Not a KNBS website source (Source=KeNADA): Kenya National Health Account 2007
2026-08-10 15:10:02,916 [INFO] [SKIP] Not a KNBS website source (Source=KeNADA): Kenya National Survey for Persons with Disabilities 2007
2026-08-10 15:10:02,916 [INFO] [SKIP] Not a KNBS website source (Source=KeNADA): 2006 FINACCESS SURVEY
2026-08-10 15:10:02,916 [INFO] [SKIP] Not a KNBS website source (Source=KeNADA): 2006 Kenya National Adults Literacy Survey
2026-08-10 15:10:02,916 [INFO] [SKIP] Not a KNBS website source (Source=KeNADA): Greater Eldoret Health and Development Survey (Round 3) 2006
2026-08-10 15:10:02,916 [INFO] [SKIP] Not a KNBS website source (Source=KeNADA): Greater Eldoret Health and Development Survey (Round 2) 2005
2026-08-10 15:10:02,916 [INFO] [SKIP] Not a KNBS website source (Source=KeNADA): Kenya Integrated Household Budget Survey 2005-2006
2026-08-10 15:10:02,917 [INFO] [SKIP] Not a KNBS website source (Source=KeNADA): Greater Eldoret Health and Development Survey (Round 1) 2004
2026-08-10 15:10:02,917 [INFO] [SKIP] Not a KNBS website source (Source=KeNADA): Investment Climate Survey 2003
2026-08-10 15:10:02,917 [INFO] [SKIP] Not a KNBS website source (Source=KeNADA): Kenya Demographic and Health Survey 2003
2026-08-10 15:10:02,917 [INFO] [SKIP] Not a KNBS website source (Source=KeNADA): World Health Survey 2003
2026-08-10 15:10:02,917 [INFO] [SKIP] Not a KNBS website source (Source=KeNADA): Kenya Multiple Indicator Cluster Survey (MICS) 2000
2026-08-10 15:10:02,917 [INFO] [SKIP] Not a KNBS website source (Source=KeNADA): KENYA POPULATION AND HOUSING CENSUS 1999
2026-08-10 15:10:02,917 [INFO] [SKIP] Not a KNBS website source (Source=KeNADA): Micro and Small Enterprises (MSE) 1999
2026-08-10 15:10:02,917 [INFO] [SKIP] Not a KNBS website source (Source=KeNADA): Kenya Demographic and Health Survey 1998
2026-08-10 15:10:02,917 [INFO] [SKIP] Not a KNBS website source (Source=KeNADA): The Integrated Labour Force Survey, 1998/99, Second round
2026-08-10 15:10:02,917 [INFO] [SKIP] Not a KNBS website source (Source=KeNADA): Welfare Monitary Survey 3, 1997, Third Round
2026-08-10 15:10:02,917 [INFO] [SKIP] Not a KNBS website source (Source=KeNADA): Welfare Monitary Survey 2, 1994, Second Round
2026-08-10 15:10:02,917 [INFO] [SKIP] Not a KNBS website source (Source=KeNADA): Kenya Demographic and Health Survey 1993
2026-08-10 15:10:02,917 [INFO] [SKIP] Not a KNBS website source (Source=KeNADA): Welfare Monitoring Survey 1, 1992, First Round
2026-08-10 15:10:02,917 [INFO] [SKIP] Not a KNBS website source (Source=KeNADA): Kenya Demographic and Health Survey 1989
2026-08-10 15:10:02,917 [INFO] [SKIP] Not a KNBS website source (Source=KeNADA): Kenya Population and Housing Census 1989
2026-08-10 15:10:02,918 [INFO] [SKIP] Not a KNBS website source (Source=KeNADA): Kenya Population and Housing Census 1979
2026-08-10 15:10:02,918 [INFO] [SKIP] Not a KNBS website source (Source=KeNADA): Kenya Population and Housing Census, 1969
2026-08-10 15:10:02,918 [INFO] [DOWNLOAD] Downloading: 2026 Economic Survey...
2026-08-10 15:10:41,171 [INFO] [PARSE] Processing PDF: 2026_Economic_Survey_2026.pdf (565 pages)...
2026-08-10 15:10:42,219 [INFO] [EXTRACT] No explicit Table of Contents found; relying on body scan.
2026-08-10 15:12:46,007 [INFO] [SUCCESS] Finished 2026 Economic Survey — Total Indicators: 708
2026-08-10 15:12:46,057 [INFO] [SUCCESS] Wrote 708 rows to indicator_inventory.csv and indicator_inventory.xlsx
